https://www.dw.com/es/inusual-infecci%C3%B3n-inquieta-a-los-venezolanos/a-17922484
https://www.elnuevoherald.com/noticias/mundo/america-latina/venezuela-es/article2070971.html
https://twitter.com/viejocretino/status/510186807255117827
https://twitter.com/TareckPSUV/status/510141491613011968
https://twitter.com/alfredo_vega/status/510215946863390720
https://twitter.com/ElUniversal/status/510210609359511552
https://twitter.com/DrodriguezVen/status/510183414348382209
https://www.infobae.com/salud/2018/09/08/alertaepidemiologica-dos-chicos-murieron-y-tres-estan-graves-por-una-bacteria/
https://twitter.com/yrodriguezEA/status/510106883223748608
https://twitter.com/jaarreaza/status/510533537158922240
https://www.aporrea.org/oposicion/n257572.html
https://www.lapatilla.com/site/2014/09/12/angel-sarmiento-se-declara-inocente-tras-lasacusaciones-de-tareck-el-aissami/
https://www.infobae.com/2014/09/12/1594328-ocho-muertos-10-dias-dejo-una-extranaenfermedad-que-puso-alerta-venezuela/
https://twitter.com/FederAlvarez/status/510480390944215040
https://twitter.com/pedro_tabares/status/511224953073840129
https://www.bbc.com/mundo/noticias/2014/09/140915_venezuela_enfermedad_maracay_dp
https://efectonaim.net/la-misteriosa-enfermedad-que-aterrorizaa-venezuela/
https://elpais.com/elpais/2014/09/17/opinion/1410965631_336793.html
https://elcomercio.pe/mundo/latinoamerica/maduroderecha-pretendia-iniciar-guerra-bacteriologica-365267
https://www.telesurtv.net/news/Rechazan-guerrapsicologica-contra-pueblo-venezolano-20140919-0010.html
https://www.venezuelaawareness.com/2014/09/19s-reportanallanamiento-a-la-casa-de-angel-sarmiento/
https://www.venezuelaawareness.com/2014/09/dictan-privativa-de-libertadcontra-angel-sarmiento/
https://twitter.com/raforih/status/513659762383536128
https://twitter.com/raforih/status/513749148395663360
https://twitter.com/raforih/status/513660913204084736
https://twitter.com/raforih/status/513660353889439747
https://www.telecinco.es/informativos/internacional/asegura-muertos-Maracay-chikungnyasangre_0_1864800146.html
https://dolartoday.com/sociedad-medicacalcula-65-000-casos-de-virus-chikungunya-son-solo-398-dijo-la-ministra-de-salud/